[0.220s] DEBUG:colcon:Command line arguments: ['/usr/bin/colcon', 'build']
[0.220s] DEBUG:colcon:Parsed command line arguments: Namespace(log_base=None, log_level=None, verb_name='build', build_base='build', install_base='install', merge_install=False, symlink_install=False, test_result_base=None, continue_on_error=False, executor='parallel', parallel_workers=12, event_handlers=None, ignore_user_meta=False, metas=['./colcon.meta'], base_paths=['.'], packages_ignore=None, packages_ignore_regex=None, paths=None, packages_up_to=None, packages_up_to_regex=None, packages_above=None, packages_above_and_dependencies=None, packages_above_depth=None, packages_select_by_dep=None, packages_skip_by_dep=None, packages_skip_up_to=None, packages_select_build_failed=False, packages_skip_build_finished=False, packages_select_test_failures=False, packages_skip_test_passed=False, packages_select=None, packages_skip=None, packages_select_regex=None, packages_skip_regex=None, packages_start=None, packages_end=None, allow_overriding=[], cmake_args=None, cmake_target=None, cmake_target_skip_unavailable=False, cmake_clean_cache=False, cmake_clean_first=False, cmake_force_configure=False, ament_cmake_args=None, catkin_cmake_args=None, catkin_skip_building_tests=False, verb_parser=<colcon_defaults.argument_parser.defaults.DefaultArgumentsDecorator object at 0x758302631120>, verb_extension=<colcon_core.verb.build.BuildVerb object at 0x758302630cd0>, main=<bound method BuildVerb.main of <colcon_core.verb.build.BuildVerb object at 0x758302630cd0>>)
[0.555s] Level 1:colcon.colcon_core.package_discovery:discover_packages(colcon_meta) check parameters
[0.556s] Level 1:colcon.colcon_core.package_discovery:discover_packages(recursive) check parameters
[0.556s] Level 1:colcon.colcon_core.package_discovery:discover_packages(ignore) check parameters
[0.556s] Level 1:colcon.colcon_core.package_discovery:discover_packages(path) check parameters
[0.556s] Level 1:colcon.colcon_core.package_discovery:discover_packages(colcon_meta) discover
[0.556s] Level 1:colcon.colcon_core.package_discovery:discover_packages(recursive) discover
[0.556s] INFO:colcon.colcon_core.package_discovery:Crawling recursively for packages in '/home/thasinduwickrama/Documents/PlatformIO/Projects/RoverMini/ros2_ws'
[0.556s] Level 1:colcon.colcon_core.package_identification:_identify(.) by extensions ['ignore', 'ignore_ament_install']
[0.556s] Level 1:colcon.colcon_core.package_identification:_identify(.) by extension 'ignore'
[0.557s] Level 1:colcon.colcon_core.package_identification:_identify(.) by extension 'ignore_ament_install'
[0.557s] Level 1:colcon.colcon_core.package_identification:_identify(.) by extensions ['colcon_pkg']
[0.557s] Level 1:colcon.colcon_core.package_identification:_identify(.) by extension 'colcon_pkg'
[0.557s] Level 1:colcon.colcon_core.package_identification:_identify(.) by extensions ['colcon_meta']
[0.557s] Level 1:colcon.colcon_core.package_identification:_identify(.) by extension 'colcon_meta'
[0.557s] Level 1:colcon.colcon_core.package_identification:_identify(.) by extensions ['ros']
[0.557s] Level 1:colcon.colcon_core.package_identification:_identify(.) by extension 'ros'
[0.567s] Level 1:colcon.colcon_core.package_identification:_identify(.) by extensions ['cmake', 'python']
[0.567s] Level 1:colcon.colcon_core.package_identification:_identify(.) by extension 'cmake'
[0.567s] Level 1:colcon.colcon_core.package_identification:_identify(.) by extension 'python'
[0.567s] Level 1:colcon.colcon_core.package_identification:_identify(.) by extensions ['python_setup_py']
[0.568s] Level 1:colcon.colcon_core.package_identification:_identify(.) by extension 'python_setup_py'
[0.568s] Level 1:colcon.colcon_core.package_identification:_identify(build) by extensions ['ignore', 'ignore_ament_install']
[0.568s] Level 1:colcon.colcon_core.package_identification:_identify(build) by extension 'ignore'
[0.568s] Level 1:colcon.colcon_core.package_identification:_identify(build) ignored
[0.568s] Level 1:colcon.colcon_core.package_identification:_identify(install) by extensions ['ignore', 'ignore_ament_install']
[0.568s] Level 1:colcon.colcon_core.package_identification:_identify(install) by extension 'ignore'
[0.568s] Level 1:colcon.colcon_core.package_identification:_identify(install) ignored
[0.568s] Level 1:colcon.colcon_core.package_identification:_identify(log) by extensions ['ignore', 'ignore_ament_install']
[0.568s] Level 1:colcon.colcon_core.package_identification:_identify(log) by extension 'ignore'
[0.568s] Level 1:colcon.colcon_core.package_identification:_identify(log) ignored
[0.568s] Level 1:colcon.colcon_core.package_identification:_identify(src) by extensions ['ignore', 'ignore_ament_install']
[0.568s] Level 1:colcon.colcon_core.package_identification:_identify(src) by extension 'ignore'
[0.568s] Level 1:colcon.colcon_core.package_identification:_identify(src) by extension 'ignore_ament_install'
[0.568s] Level 1:colcon.colcon_core.package_identification:_identify(src) by extensions ['colcon_pkg']
[0.569s] Level 1:colcon.colcon_core.package_identification:_identify(src) by extension 'colcon_pkg'
[0.569s] Level 1:colcon.colcon_core.package_identification:_identify(src) by extensions ['colcon_meta']
[0.569s] Level 1:colcon.colcon_core.package_identification:_identify(src) by extension 'colcon_meta'
[0.569s] Level 1:colcon.colcon_core.package_identification:_identify(src) by extensions ['ros']
[0.569s] Level 1:colcon.colcon_core.package_identification:_identify(src) by extension 'ros'
[0.569s] Level 1:colcon.colcon_core.package_identification:_identify(src) by extensions ['cmake', 'python']
[0.569s] Level 1:colcon.colcon_core.package_identification:_identify(src) by extension 'cmake'
[0.569s] Level 1:colcon.colcon_core.package_identification:_identify(src) by extension 'python'
[0.569s] Level 1:colcon.colcon_core.package_identification:_identify(src) by extensions ['python_setup_py']
[0.569s] Level 1:colcon.colcon_core.package_identification:_identify(src) by extension 'python_setup_py'
[0.569s] Level 1:colcon.colcon_core.package_identification:_identify(src/rover_control) by extensions ['ignore', 'ignore_ament_install']
[0.569s] Level 1:colcon.colcon_core.package_identification:_identify(src/rover_control) by extension 'ignore'
[0.569s] Level 1:colcon.colcon_core.package_identification:_identify(src/rover_control) by extension 'ignore_ament_install'
[0.569s] Level 1:colcon.colcon_core.package_identification:_identify(src/rover_control) by extensions ['colcon_pkg']
[0.569s] Level 1:colcon.colcon_core.package_identification:_identify(src/rover_control) by extension 'colcon_pkg'
[0.569s] Level 1:colcon.colcon_core.package_identification:_identify(src/rover_control) by extensions ['colcon_meta']
[0.569s] Level 1:colcon.colcon_core.package_identification:_identify(src/rover_control) by extension 'colcon_meta'
[0.569s] Level 1:colcon.colcon_core.package_identification:_identify(src/rover_control) by extensions ['ros']
[0.569s] Level 1:colcon.colcon_core.package_identification:_identify(src/rover_control) by extension 'ros'
[0.572s] DEBUG:colcon.colcon_core.package_identification:Package 'src/rover_control' with type 'ros.ament_python' and name 'rover_control'
[0.572s] Level 1:colcon.colcon_core.package_identification:_identify(src/rover_description) by extensions ['ignore', 'ignore_ament_install']
[0.572s] Level 1:colcon.colcon_core.package_identification:_identify(src/rover_description) by extension 'ignore'
[0.572s] Level 1:colcon.colcon_core.package_identification:_identify(src/rover_description) by extension 'ignore_ament_install'
[0.572s] Level 1:colcon.colcon_core.package_identification:_identify(src/rover_description) by extensions ['colcon_pkg']
[0.572s] Level 1:colcon.colcon_core.package_identification:_identify(src/rover_description) by extension 'colcon_pkg'
[0.572s] Level 1:colcon.colcon_core.package_identification:_identify(src/rover_description) by extensions ['colcon_meta']
[0.572s] Level 1:colcon.colcon_core.package_identification:_identify(src/rover_description) by extension 'colcon_meta'
[0.572s] Level 1:colcon.colcon_core.package_identification:_identify(src/rover_description) by extensions ['ros']
[0.572s] Level 1:colcon.colcon_core.package_identification:_identify(src/rover_description) by extension 'ros'
[0.573s] DEBUG:colcon.colcon_core.package_identification:Package 'src/rover_description' with type 'ros.ament_cmake' and name 'rover_description'
[0.573s] Level 1:colcon.colcon_core.package_identification:_identify(src/rover_navigation) by extensions ['ignore', 'ignore_ament_install']
[0.573s] Level 1:colcon.colcon_core.package_identification:_identify(src/rover_navigation) by extension 'ignore'
[0.573s] Level 1:colcon.colcon_core.package_identification:_identify(src/rover_navigation) by extension 'ignore_ament_install'
[0.573s] Level 1:colcon.colcon_core.package_identification:_identify(src/rover_navigation) by extensions ['colcon_pkg']
[0.573s] Level 1:colcon.colcon_core.package_identification:_identify(src/rover_navigation) by extension 'colcon_pkg'
[0.573s] Level 1:colcon.colcon_core.package_identification:_identify(src/rover_navigation) by extensions ['colcon_meta']
[0.573s] Level 1:colcon.colcon_core.package_identification:_identify(src/rover_navigation) by extension 'colcon_meta'
[0.573s] Level 1:colcon.colcon_core.package_identification:_identify(src/rover_navigation) by extensions ['ros']
[0.573s] Level 1:colcon.colcon_core.package_identification:_identify(src/rover_navigation) by extension 'ros'
[0.574s] DEBUG:colcon.colcon_core.package_identification:Package 'src/rover_navigation' with type 'ros.ament_python' and name 'rover_navigation'
[0.574s] Level 1:colcon.colcon_core.package_discovery:discover_packages(recursive) using defaults
[0.574s] Level 1:colcon.colcon_core.package_discovery:discover_packages(ignore) discover
[0.574s] Level 1:colcon.colcon_core.package_discovery:discover_packages(ignore) using defaults
[0.574s] Level 1:colcon.colcon_core.package_discovery:discover_packages(path) discover
[0.574s] Level 1:colcon.colcon_core.package_discovery:discover_packages(path) using defaults
[0.620s] Level 1:colcon.colcon_core.package_discovery:discover_packages(prefix_path) check parameters
[0.620s] Level 1:colcon.colcon_core.package_discovery:discover_packages(prefix_path) discover
[0.622s] DEBUG:colcon.colcon_installed_package_information.package_discovery:Found 1 installed packages in /home/thasinduwickrama/ros2_ws/install
[0.624s] DEBUG:colcon.colcon_installed_package_information.package_discovery:Found 426 installed packages in /opt/ros/humble
[0.626s] Level 1:colcon.colcon_core.package_discovery:discover_packages(prefix_path) using defaults
[0.676s] Level 5:colcon.colcon_core.verb:set package 'rover_control' build argument 'cmake_args' from command line to 'None'
[0.676s] Level 5:colcon.colcon_core.verb:set package 'rover_control' build argument 'cmake_target' from command line to 'None'
[0.676s] Level 5:colcon.colcon_core.verb:set package 'rover_control' build argument 'cmake_target_skip_unavailable' from command line to 'False'
[0.676s] Level 5:colcon.colcon_core.verb:set package 'rover_control' build argument 'cmake_clean_cache' from command line to 'False'
[0.676s] Level 5:colcon.colcon_core.verb:set package 'rover_control' build argument 'cmake_clean_first' from command line to 'False'
[0.676s] Level 5:colcon.colcon_core.verb:set package 'rover_control' build argument 'cmake_force_configure' from command line to 'False'
[0.676s] Level 5:colcon.colcon_core.verb:set package 'rover_control' build argument 'ament_cmake_args' from command line to 'None'
[0.676s] Level 5:colcon.colcon_core.verb:set package 'rover_control' build argument 'catkin_cmake_args' from command line to 'None'
[0.676s] Level 5:colcon.colcon_core.verb:set package 'rover_control' build argument 'catkin_skip_building_tests' from command line to 'False'
[0.676s] DEBUG:colcon.colcon_core.verb:Building package 'rover_control' with the following arguments: {'ament_cmake_args': None, 'build_base': '/home/thasinduwickrama/Documents/PlatformIO/Projects/RoverMini/ros2_ws/build/rover_control', 'catkin_cmake_args': None, 'catkin_skip_building_tests': False, 'cmake_args': None, 'cmake_clean_cache': False, 'cmake_clean_first': False, 'cmake_force_configure': False, 'cmake_target': None, 'cmake_target_skip_unavailable': False, 'install_base': '/home/thasinduwickrama/Documents/PlatformIO/Projects/RoverMini/ros2_ws/install/rover_control', 'merge_install': False, 'path': '/home/thasinduwickrama/Documents/PlatformIO/Projects/RoverMini/ros2_ws/src/rover_control', 'symlink_install': False, 'test_result_base': None}
[0.676s] Level 5:colcon.colcon_core.verb:set package 'rover_description' build argument 'cmake_args' from command line to 'None'
[0.676s] Level 5:colcon.colcon_core.verb:set package 'rover_description' build argument 'cmake_target' from command line to 'None'
[0.676s] Level 5:colcon.colcon_core.verb:set package 'rover_description' build argument 'cmake_target_skip_unavailable' from command line to 'False'
[0.676s] Level 5:colcon.colcon_core.verb:set package 'rover_description' build argument 'cmake_clean_cache' from command line to 'False'
[0.676s] Level 5:colcon.colcon_core.verb:set package 'rover_description' build argument 'cmake_clean_first' from command line to 'False'
[0.676s] Level 5:colcon.colcon_core.verb:set package 'rover_description' build argument 'cmake_force_configure' from command line to 'False'
[0.676s] Level 5:colcon.colcon_core.verb:set package 'rover_description' build argument 'ament_cmake_args' from command line to 'None'
[0.676s] Level 5:colcon.colcon_core.verb:set package 'rover_description' build argument 'catkin_cmake_args' from command line to 'None'
[0.676s] Level 5:colcon.colcon_core.verb:set package 'rover_description' build argument 'catkin_skip_building_tests' from command line to 'False'
[0.677s] DEBUG:colcon.colcon_core.verb:Building package 'rover_description' with the following arguments: {'ament_cmake_args': None, 'build_base': '/home/thasinduwickrama/Documents/PlatformIO/Projects/RoverMini/ros2_ws/build/rover_description', 'catkin_cmake_args': None, 'catkin_skip_building_tests': False, 'cmake_args': None, 'cmake_clean_cache': False, 'cmake_clean_first': False, 'cmake_force_configure': False, 'cmake_target': None, 'cmake_target_skip_unavailable': False, 'install_base': '/home/thasinduwickrama/Documents/PlatformIO/Projects/RoverMini/ros2_ws/install/rover_description', 'merge_install': False, 'path': '/home/thasinduwickrama/Documents/PlatformIO/Projects/RoverMini/ros2_ws/src/rover_description', 'symlink_install': False, 'test_result_base': None}
[0.677s] Level 5:colcon.colcon_core.verb:set package 'rover_navigation' build argument 'cmake_args' from command line to 'None'
[0.677s] Level 5:colcon.colcon_core.verb:set package 'rover_navigation' build argument 'cmake_target' from command line to 'None'
[0.677s] Level 5:colcon.colcon_core.verb:set package 'rover_navigation' build argument 'cmake_target_skip_unavailable' from command line to 'False'
[0.677s] Level 5:colcon.colcon_core.verb:set package 'rover_navigation' build argument 'cmake_clean_cache' from command line to 'False'
[0.677s] Level 5:colcon.colcon_core.verb:set package 'rover_navigation' build argument 'cmake_clean_first' from command line to 'False'
[0.677s] Level 5:colcon.colcon_core.verb:set package 'rover_navigation' build argument 'cmake_force_configure' from command line to 'False'
[0.677s] Level 5:colcon.colcon_core.verb:set package 'rover_navigation' build argument 'ament_cmake_args' from command line to 'None'
[0.677s] Level 5:colcon.colcon_core.verb:set package 'rover_navigation' build argument 'catkin_cmake_args' from command line to 'None'
[0.677s] Level 5:colcon.colcon_core.verb:set package 'rover_navigation' build argument 'catkin_skip_building_tests' from command line to 'False'
[0.677s] DEBUG:colcon.colcon_core.verb:Building package 'rover_navigation' with the following arguments: {'ament_cmake_args': None, 'build_base': '/home/thasinduwickrama/Documents/PlatformIO/Projects/RoverMini/ros2_ws/build/rover_navigation', 'catkin_cmake_args': None, 'catkin_skip_building_tests': False, 'cmake_args': None, 'cmake_clean_cache': False, 'cmake_clean_first': False, 'cmake_force_configure': False, 'cmake_target': None, 'cmake_target_skip_unavailable': False, 'install_base': '/home/thasinduwickrama/Documents/PlatformIO/Projects/RoverMini/ros2_ws/install/rover_navigation', 'merge_install': False, 'path': '/home/thasinduwickrama/Documents/PlatformIO/Projects/RoverMini/ros2_ws/src/rover_navigation', 'symlink_install': False, 'test_result_base': None}
[0.677s] INFO:colcon.colcon_core.executor:Executing jobs using 'parallel' executor
[0.678s] DEBUG:colcon.colcon_parallel_executor.executor.parallel:run_until_complete
[0.678s] INFO:colcon.colcon_ros.task.ament_python.build:Building ROS package in '/home/thasinduwickrama/Documents/PlatformIO/Projects/RoverMini/ros2_ws/src/rover_control' with build type 'ament_python'
[0.679s] Level 1:colcon.colcon_core.shell:create_environment_hook('rover_control', 'ament_prefix_path')
[0.682s] INFO:colcon.colcon_core.plugin_system:Skipping extension 'colcon_core.shell.bat': Not used on non-Windows systems
[0.682s] INFO:colcon.colcon_core.shell:Creating environment hook '/home/thasinduwickrama/Documents/PlatformIO/Projects/RoverMini/ros2_ws/install/rover_control/share/rover_control/hook/ament_prefix_path.ps1'
[0.683s] INFO:colcon.colcon_core.shell:Creating environment descriptor '/home/thasinduwickrama/Documents/PlatformIO/Projects/RoverMini/ros2_ws/install/rover_control/share/rover_control/hook/ament_prefix_path.dsv'
[0.684s] INFO:colcon.colcon_core.shell:Creating environment hook '/home/thasinduwickrama/Documents/PlatformIO/Projects/RoverMini/ros2_ws/install/rover_control/share/rover_control/hook/ament_prefix_path.sh'
[0.684s] INFO:colcon.colcon_core.shell:Skip shell extension 'powershell' for command environment: Not usable outside of PowerShell
[0.684s] DEBUG:colcon.colcon_core.shell:Skip shell extension 'dsv' for command environment
[0.689s] INFO:colcon.colcon_ros.task.ament_cmake.build:Building ROS package in '/home/thasinduwickrama/Documents/PlatformIO/Projects/RoverMini/ros2_ws/src/rover_description' with build type 'ament_cmake'
[0.689s] INFO:colcon.colcon_cmake.task.cmake.build:Building CMake package in '/home/thasinduwickrama/Documents/PlatformIO/Projects/RoverMini/ros2_ws/src/rover_description'
[0.689s] INFO:colcon.colcon_core.shell:Skip shell extension 'powershell' for command environment: Not usable outside of PowerShell
[0.689s] DEBUG:colcon.colcon_core.shell:Skip shell extension 'dsv' for command environment
[1.160s] INFO:colcon.colcon_core.task.python.build:Building Python package in '/home/thasinduwickrama/Documents/PlatformIO/Projects/RoverMini/ros2_ws/src/rover_control'
[1.160s] INFO:colcon.colcon_core.shell:Skip shell extension 'powershell' for command environment: Not usable outside of PowerShell
[1.161s] DEBUG:colcon.colcon_core.shell:Skip shell extension 'dsv' for command environment
[1.178s] DEBUG:colcon.colcon_core.event_handler.log_command:Invoking command in '/home/thasinduwickrama/Documents/PlatformIO/Projects/RoverMini/ros2_ws/build/rover_description': CMAKE_PREFIX_PATH=/home/thasinduwickrama/ros2_ws/install/servo_control:/opt/ros/humble /usr/bin/cmake --build /home/thasinduwickrama/Documents/PlatformIO/Projects/RoverMini/ros2_ws/build/rover_description -- -j12 -l12
[1.242s] DEBUG:colcon.colcon_core.event_handler.log_command:Invoked command in '/home/thasinduwickrama/Documents/PlatformIO/Projects/RoverMini/ros2_ws/build/rover_description' returned '0': CMAKE_PREFIX_PATH=/home/thasinduwickrama/ros2_ws/install/servo_control:/opt/ros/humble /usr/bin/cmake --build /home/thasinduwickrama/Documents/PlatformIO/Projects/RoverMini/ros2_ws/build/rover_description -- -j12 -l12
[1.264s] DEBUG:colcon.colcon_core.event_handler.log_command:Invoking command in '/home/thasinduwickrama/Documents/PlatformIO/Projects/RoverMini/ros2_ws/build/rover_description': CMAKE_PREFIX_PATH=/home/thasinduwickrama/ros2_ws/install/servo_control:/opt/ros/humble /usr/bin/cmake --install /home/thasinduwickrama/Documents/PlatformIO/Projects/RoverMini/ros2_ws/build/rover_description
[1.278s] Level 1:colcon.colcon_core.environment:create_environment_scripts_only(rover_description)
[1.279s] DEBUG:colcon.colcon_core.event_handler.log_command:Invoked command in '/home/thasinduwickrama/Documents/PlatformIO/Projects/RoverMini/ros2_ws/build/rover_description' returned '0': CMAKE_PREFIX_PATH=/home/thasinduwickrama/ros2_ws/install/servo_control:/opt/ros/humble /usr/bin/cmake --install /home/thasinduwickrama/Documents/PlatformIO/Projects/RoverMini/ros2_ws/build/rover_description
[1.284s] Level 1:colcon.colcon_core.environment:checking '/home/thasinduwickrama/Documents/PlatformIO/Projects/RoverMini/ros2_ws/install/rover_description' for CMake module files
[1.285s] Level 1:colcon.colcon_core.environment:checking '/home/thasinduwickrama/Documents/PlatformIO/Projects/RoverMini/ros2_ws/install/rover_description' for CMake config files
[1.285s] Level 1:colcon.colcon_core.shell:create_environment_hook('rover_description', 'cmake_prefix_path')
[1.286s] INFO:colcon.colcon_core.shell:Creating environment hook '/home/thasinduwickrama/Documents/PlatformIO/Projects/RoverMini/ros2_ws/install/rover_description/share/rover_description/hook/cmake_prefix_path.ps1'
[1.287s] INFO:colcon.colcon_core.shell:Creating environment descriptor '/home/thasinduwickrama/Documents/PlatformIO/Projects/RoverMini/ros2_ws/install/rover_description/share/rover_description/hook/cmake_prefix_path.dsv'
[1.288s] INFO:colcon.colcon_core.shell:Creating environment hook '/home/thasinduwickrama/Documents/PlatformIO/Projects/RoverMini/ros2_ws/install/rover_description/share/rover_description/hook/cmake_prefix_path.sh'
[1.289s] Level 1:colcon.colcon_core.environment:checking '/home/thasinduwickrama/Documents/PlatformIO/Projects/RoverMini/ros2_ws/install/rover_description/bin'
[1.289s] Level 1:colcon.colcon_core.environment:checking '/home/thasinduwickrama/Documents/PlatformIO/Projects/RoverMini/ros2_ws/install/rover_description/lib/pkgconfig/rover_description.pc'
[1.289s] Level 1:colcon.colcon_core.environment:checking '/home/thasinduwickrama/Documents/PlatformIO/Projects/RoverMini/ros2_ws/install/rover_description/lib/python3.10/site-packages'
[1.290s] Level 1:colcon.colcon_core.environment:checking '/home/thasinduwickrama/Documents/PlatformIO/Projects/RoverMini/ros2_ws/install/rover_description/bin'
[1.290s] INFO:colcon.colcon_core.shell:Creating package script '/home/thasinduwickrama/Documents/PlatformIO/Projects/RoverMini/ros2_ws/install/rover_description/share/rover_description/package.ps1'
[1.292s] INFO:colcon.colcon_core.shell:Creating package descriptor '/home/thasinduwickrama/Documents/PlatformIO/Projects/RoverMini/ros2_ws/install/rover_description/share/rover_description/package.dsv'
[1.293s] INFO:colcon.colcon_core.shell:Creating package script '/home/thasinduwickrama/Documents/PlatformIO/Projects/RoverMini/ros2_ws/install/rover_description/share/rover_description/package.sh'
[1.294s] INFO:colcon.colcon_core.shell:Creating package script '/home/thasinduwickrama/Documents/PlatformIO/Projects/RoverMini/ros2_ws/install/rover_description/share/rover_description/package.bash'
[1.295s] INFO:colcon.colcon_core.shell:Creating package script '/home/thasinduwickrama/Documents/PlatformIO/Projects/RoverMini/ros2_ws/install/rover_description/share/rover_description/package.zsh'
[1.297s] Level 1:colcon.colcon_core.environment:create_file_with_runtime_dependencies(/home/thasinduwickrama/Documents/PlatformIO/Projects/RoverMini/ros2_ws/install/rover_description/share/colcon-core/packages/rover_description)
[1.298s] Level 1:colcon.colcon_core.environment:create_environment_scripts_only(rover_description)
[1.298s] Level 1:colcon.colcon_core.environment:checking '/home/thasinduwickrama/Documents/PlatformIO/Projects/RoverMini/ros2_ws/install/rover_description' for CMake module files
[1.299s] Level 1:colcon.colcon_core.environment:checking '/home/thasinduwickrama/Documents/PlatformIO/Projects/RoverMini/ros2_ws/install/rover_description' for CMake config files
[1.300s] Level 1:colcon.colcon_core.shell:create_environment_hook('rover_description', 'cmake_prefix_path')
[1.300s] INFO:colcon.colcon_core.shell:Creating environment hook '/home/thasinduwickrama/Documents/PlatformIO/Projects/RoverMini/ros2_ws/install/rover_description/share/rover_description/hook/cmake_prefix_path.ps1'
[1.301s] INFO:colcon.colcon_core.shell:Creating environment descriptor '/home/thasinduwickrama/Documents/PlatformIO/Projects/RoverMini/ros2_ws/install/rover_description/share/rover_description/hook/cmake_prefix_path.dsv'
[1.301s] INFO:colcon.colcon_core.shell:Creating environment hook '/home/thasinduwickrama/Documents/PlatformIO/Projects/RoverMini/ros2_ws/install/rover_description/share/rover_description/hook/cmake_prefix_path.sh'
[1.305s] Level 1:colcon.colcon_core.environment:checking '/home/thasinduwickrama/Documents/PlatformIO/Projects/RoverMini/ros2_ws/install/rover_description/bin'
[1.305s] Level 1:colcon.colcon_core.environment:checking '/home/thasinduwickrama/Documents/PlatformIO/Projects/RoverMini/ros2_ws/install/rover_description/lib/pkgconfig/rover_description.pc'
[1.306s] Level 1:colcon.colcon_core.environment:checking '/home/thasinduwickrama/Documents/PlatformIO/Projects/RoverMini/ros2_ws/install/rover_description/lib/python3.10/site-packages'
[1.306s] Level 1:colcon.colcon_core.environment:checking '/home/thasinduwickrama/Documents/PlatformIO/Projects/RoverMini/ros2_ws/install/rover_description/bin'
[1.307s] INFO:colcon.colcon_core.shell:Creating package script '/home/thasinduwickrama/Documents/PlatformIO/Projects/RoverMini/ros2_ws/install/rover_description/share/rover_description/package.ps1'
[1.308s] INFO:colcon.colcon_core.shell:Creating package descriptor '/home/thasinduwickrama/Documents/PlatformIO/Projects/RoverMini/ros2_ws/install/rover_description/share/rover_description/package.dsv'
[1.309s] INFO:colcon.colcon_core.shell:Creating package script '/home/thasinduwickrama/Documents/PlatformIO/Projects/RoverMini/ros2_ws/install/rover_description/share/rover_description/package.sh'
[1.310s] INFO:colcon.colcon_core.shell:Creating package script '/home/thasinduwickrama/Documents/PlatformIO/Projects/RoverMini/ros2_ws/install/rover_description/share/rover_description/package.bash'
[1.310s] INFO:colcon.colcon_core.shell:Creating package script '/home/thasinduwickrama/Documents/PlatformIO/Projects/RoverMini/ros2_ws/install/rover_description/share/rover_description/package.zsh'
[1.311s] Level 1:colcon.colcon_core.environment:create_file_with_runtime_dependencies(/home/thasinduwickrama/Documents/PlatformIO/Projects/RoverMini/ros2_ws/install/rover_description/share/colcon-core/packages/rover_description)
[1.842s] DEBUG:colcon.colcon_core.event_handler.log_command:Invoking command in '/home/thasinduwickrama/Documents/PlatformIO/Projects/RoverMini/ros2_ws/src/rover_control': PYTHONPATH=/home/thasinduwickrama/Documents/PlatformIO/Projects/RoverMini/ros2_ws/build/rover_control/prefix_override:/usr/lib/python3/dist-packages/colcon_core/task/python/colcon_distutils_commands:/home/thasinduwickrama/Documents/PlatformIO/Projects/RoverMini/ros2_ws/install/rover_control/lib/python3.10/site-packages:${PYTHONPATH} /usr/bin/python3 -W ignore:setup.py install is deprecated -W ignore:easy_install command is deprecated setup.py egg_info --egg-base ../../build/rover_control build --build-base /home/thasinduwickrama/Documents/PlatformIO/Projects/RoverMini/ros2_ws/build/rover_control/build install --record /home/thasinduwickrama/Documents/PlatformIO/Projects/RoverMini/ros2_ws/build/rover_control/install.log --single-version-externally-managed install_data
[2.193s] Level 1:colcon.colcon_core.environment:checking '/home/thasinduwickrama/Documents/PlatformIO/Projects/RoverMini/ros2_ws/install/rover_control' for CMake module files
[2.194s] DEBUG:colcon.colcon_core.event_handler.log_command:Invoked command in '/home/thasinduwickrama/Documents/PlatformIO/Projects/RoverMini/ros2_ws/src/rover_control' returned '0': PYTHONPATH=/home/thasinduwickrama/Documents/PlatformIO/Projects/RoverMini/ros2_ws/build/rover_control/prefix_override:/usr/lib/python3/dist-packages/colcon_core/task/python/colcon_distutils_commands:/home/thasinduwickrama/Documents/PlatformIO/Projects/RoverMini/ros2_ws/install/rover_control/lib/python3.10/site-packages:${PYTHONPATH} /usr/bin/python3 -W ignore:setup.py install is deprecated -W ignore:easy_install command is deprecated setup.py egg_info --egg-base ../../build/rover_control build --build-base /home/thasinduwickrama/Documents/PlatformIO/Projects/RoverMini/ros2_ws/build/rover_control/build install --record /home/thasinduwickrama/Documents/PlatformIO/Projects/RoverMini/ros2_ws/build/rover_control/install.log --single-version-externally-managed install_data
[2.194s] Level 1:colcon.colcon_core.environment:checking '/home/thasinduwickrama/Documents/PlatformIO/Projects/RoverMini/ros2_ws/install/rover_control' for CMake config files
[2.195s] Level 1:colcon.colcon_core.environment:checking '/home/thasinduwickrama/Documents/PlatformIO/Projects/RoverMini/ros2_ws/install/rover_control/lib'
[2.195s] Level 1:colcon.colcon_core.environment:checking '/home/thasinduwickrama/Documents/PlatformIO/Projects/RoverMini/ros2_ws/install/rover_control/bin'
[2.195s] Level 1:colcon.colcon_core.environment:checking '/home/thasinduwickrama/Documents/PlatformIO/Projects/RoverMini/ros2_ws/install/rover_control/lib/pkgconfig/rover_control.pc'
[2.195s] Level 1:colcon.colcon_core.environment:checking '/home/thasinduwickrama/Documents/PlatformIO/Projects/RoverMini/ros2_ws/install/rover_control/lib/python3.10/site-packages'
[2.195s] Level 1:colcon.colcon_core.shell:create_environment_hook('rover_control', 'pythonpath')
[2.195s] INFO:colcon.colcon_core.shell:Creating environment hook '/home/thasinduwickrama/Documents/PlatformIO/Projects/RoverMini/ros2_ws/install/rover_control/share/rover_control/hook/pythonpath.ps1'
[2.196s] INFO:colcon.colcon_core.shell:Creating environment descriptor '/home/thasinduwickrama/Documents/PlatformIO/Projects/RoverMini/ros2_ws/install/rover_control/share/rover_control/hook/pythonpath.dsv'
[2.196s] INFO:colcon.colcon_core.shell:Creating environment hook '/home/thasinduwickrama/Documents/PlatformIO/Projects/RoverMini/ros2_ws/install/rover_control/share/rover_control/hook/pythonpath.sh'
[2.197s] Level 1:colcon.colcon_core.environment:checking '/home/thasinduwickrama/Documents/PlatformIO/Projects/RoverMini/ros2_ws/install/rover_control/bin'
[2.197s] Level 1:colcon.colcon_core.environment:create_environment_scripts_only(rover_control)
[2.197s] INFO:colcon.colcon_core.shell:Creating package script '/home/thasinduwickrama/Documents/PlatformIO/Projects/RoverMini/ros2_ws/install/rover_control/share/rover_control/package.ps1'
[2.198s] INFO:colcon.colcon_core.shell:Creating package descriptor '/home/thasinduwickrama/Documents/PlatformIO/Projects/RoverMini/ros2_ws/install/rover_control/share/rover_control/package.dsv'
[2.198s] INFO:colcon.colcon_core.shell:Creating package script '/home/thasinduwickrama/Documents/PlatformIO/Projects/RoverMini/ros2_ws/install/rover_control/share/rover_control/package.sh'
[2.199s] INFO:colcon.colcon_core.shell:Creating package script '/home/thasinduwickrama/Documents/PlatformIO/Projects/RoverMini/ros2_ws/install/rover_control/share/rover_control/package.bash'
[2.199s] INFO:colcon.colcon_core.shell:Creating package script '/home/thasinduwickrama/Documents/PlatformIO/Projects/RoverMini/ros2_ws/install/rover_control/share/rover_control/package.zsh'
[2.200s] Level 1:colcon.colcon_core.environment:create_file_with_runtime_dependencies(/home/thasinduwickrama/Documents/PlatformIO/Projects/RoverMini/ros2_ws/install/rover_control/share/colcon-core/packages/rover_control)
[2.200s] INFO:colcon.colcon_ros.task.ament_python.build:Building ROS package in '/home/thasinduwickrama/Documents/PlatformIO/Projects/RoverMini/ros2_ws/src/rover_navigation' with build type 'ament_python'
[2.200s] Level 1:colcon.colcon_core.shell:create_environment_hook('rover_navigation', 'ament_prefix_path')
[2.201s] INFO:colcon.colcon_core.shell:Creating environment hook '/home/thasinduwickrama/Documents/PlatformIO/Projects/RoverMini/ros2_ws/install/rover_navigation/share/rover_navigation/hook/ament_prefix_path.ps1'
[2.201s] INFO:colcon.colcon_core.shell:Creating environment descriptor '/home/thasinduwickrama/Documents/PlatformIO/Projects/RoverMini/ros2_ws/install/rover_navigation/share/rover_navigation/hook/ament_prefix_path.dsv'
[2.202s] INFO:colcon.colcon_core.shell:Creating environment hook '/home/thasinduwickrama/Documents/PlatformIO/Projects/RoverMini/ros2_ws/install/rover_navigation/share/rover_navigation/hook/ament_prefix_path.sh'
[2.203s] INFO:colcon.colcon_core.shell:Skip shell extension 'powershell' for command environment: Not usable outside of PowerShell
[2.203s] DEBUG:colcon.colcon_core.shell:Skip shell extension 'dsv' for command environment
[2.653s] INFO:colcon.colcon_core.task.python.build:Building Python package in '/home/thasinduwickrama/Documents/PlatformIO/Projects/RoverMini/ros2_ws/src/rover_navigation'
[2.654s] INFO:colcon.colcon_core.shell:Skip shell extension 'powershell' for command environment: Not usable outside of PowerShell
[2.654s] DEBUG:colcon.colcon_core.shell:Skip shell extension 'dsv' for command environment
[3.181s] DEBUG:colcon.colcon_core.event_handler.log_command:Invoking command in '/home/thasinduwickrama/Documents/PlatformIO/Projects/RoverMini/ros2_ws/src/rover_navigation': AMENT_PREFIX_PATH=/home/thasinduwickrama/Documents/PlatformIO/Projects/RoverMini/ros2_ws/install/rover_description:/home/thasinduwickrama/Documents/PlatformIO/Projects/RoverMini/ros2_ws/install/rover_control:${AMENT_PREFIX_PATH} CMAKE_PREFIX_PATH=/home/thasinduwickrama/Documents/PlatformIO/Projects/RoverMini/ros2_ws/install/rover_description PYTHONPATH=/home/thasinduwickrama/Documents/PlatformIO/Projects/RoverMini/ros2_ws/build/rover_navigation/prefix_override:/usr/lib/python3/dist-packages/colcon_core/task/python/colcon_distutils_commands:/home/thasinduwickrama/Documents/PlatformIO/Projects/RoverMini/ros2_ws/install/rover_navigation/lib/python3.10/site-packages:/home/thasinduwickrama/Documents/PlatformIO/Projects/RoverMini/ros2_ws/install/rover_control/lib/python3.10/site-packages:${PYTHONPATH} /usr/bin/python3 -W ignore:setup.py install is deprecated -W ignore:easy_install command is deprecated setup.py egg_info --egg-base ../../build/rover_navigation build --build-base /home/thasinduwickrama/Documents/PlatformIO/Projects/RoverMini/ros2_ws/build/rover_navigation/build install --record /home/thasinduwickrama/Documents/PlatformIO/Projects/RoverMini/ros2_ws/build/rover_navigation/install.log --single-version-externally-managed install_data
[3.574s] Level 1:colcon.colcon_core.environment:checking '/home/thasinduwickrama/Documents/PlatformIO/Projects/RoverMini/ros2_ws/install/rover_navigation' for CMake module files
[3.574s] DEBUG:colcon.colcon_core.event_handler.log_command:Invoked command in '/home/thasinduwickrama/Documents/PlatformIO/Projects/RoverMini/ros2_ws/src/rover_navigation' returned '0': AMENT_PREFIX_PATH=/home/thasinduwickrama/Documents/PlatformIO/Projects/RoverMini/ros2_ws/install/rover_description:/home/thasinduwickrama/Documents/PlatformIO/Projects/RoverMini/ros2_ws/install/rover_control:${AMENT_PREFIX_PATH} CMAKE_PREFIX_PATH=/home/thasinduwickrama/Documents/PlatformIO/Projects/RoverMini/ros2_ws/install/rover_description PYTHONPATH=/home/thasinduwickrama/Documents/PlatformIO/Projects/RoverMini/ros2_ws/build/rover_navigation/prefix_override:/usr/lib/python3/dist-packages/colcon_core/task/python/colcon_distutils_commands:/home/thasinduwickrama/Documents/PlatformIO/Projects/RoverMini/ros2_ws/install/rover_navigation/lib/python3.10/site-packages:/home/thasinduwickrama/Documents/PlatformIO/Projects/RoverMini/ros2_ws/install/rover_control/lib/python3.10/site-packages:${PYTHONPATH} /usr/bin/python3 -W ignore:setup.py install is deprecated -W ignore:easy_install command is deprecated setup.py egg_info --egg-base ../../build/rover_navigation build --build-base /home/thasinduwickrama/Documents/PlatformIO/Projects/RoverMini/ros2_ws/build/rover_navigation/build install --record /home/thasinduwickrama/Documents/PlatformIO/Projects/RoverMini/ros2_ws/build/rover_navigation/install.log --single-version-externally-managed install_data
[3.575s] Level 1:colcon.colcon_core.environment:checking '/home/thasinduwickrama/Documents/PlatformIO/Projects/RoverMini/ros2_ws/install/rover_navigation' for CMake config files
[3.575s] Level 1:colcon.colcon_core.environment:checking '/home/thasinduwickrama/Documents/PlatformIO/Projects/RoverMini/ros2_ws/install/rover_navigation/lib'
[3.575s] Level 1:colcon.colcon_core.environment:checking '/home/thasinduwickrama/Documents/PlatformIO/Projects/RoverMini/ros2_ws/install/rover_navigation/bin'
[3.575s] Level 1:colcon.colcon_core.environment:checking '/home/thasinduwickrama/Documents/PlatformIO/Projects/RoverMini/ros2_ws/install/rover_navigation/lib/pkgconfig/rover_navigation.pc'
[3.576s] Level 1:colcon.colcon_core.environment:checking '/home/thasinduwickrama/Documents/PlatformIO/Projects/RoverMini/ros2_ws/install/rover_navigation/lib/python3.10/site-packages'
[3.576s] Level 1:colcon.colcon_core.shell:create_environment_hook('rover_navigation', 'pythonpath')
[3.576s] INFO:colcon.colcon_core.shell:Creating environment hook '/home/thasinduwickrama/Documents/PlatformIO/Projects/RoverMini/ros2_ws/install/rover_navigation/share/rover_navigation/hook/pythonpath.ps1'
[3.576s] INFO:colcon.colcon_core.shell:Creating environment descriptor '/home/thasinduwickrama/Documents/PlatformIO/Projects/RoverMini/ros2_ws/install/rover_navigation/share/rover_navigation/hook/pythonpath.dsv'
[3.577s] INFO:colcon.colcon_core.shell:Creating environment hook '/home/thasinduwickrama/Documents/PlatformIO/Projects/RoverMini/ros2_ws/install/rover_navigation/share/rover_navigation/hook/pythonpath.sh'
[3.577s] Level 1:colcon.colcon_core.environment:checking '/home/thasinduwickrama/Documents/PlatformIO/Projects/RoverMini/ros2_ws/install/rover_navigation/bin'
[3.577s] Level 1:colcon.colcon_core.environment:create_environment_scripts_only(rover_navigation)
[3.578s] INFO:colcon.colcon_core.shell:Creating package script '/home/thasinduwickrama/Documents/PlatformIO/Projects/RoverMini/ros2_ws/install/rover_navigation/share/rover_navigation/package.ps1'
[3.578s] INFO:colcon.colcon_core.shell:Creating package descriptor '/home/thasinduwickrama/Documents/PlatformIO/Projects/RoverMini/ros2_ws/install/rover_navigation/share/rover_navigation/package.dsv'
[3.578s] INFO:colcon.colcon_core.shell:Creating package script '/home/thasinduwickrama/Documents/PlatformIO/Projects/RoverMini/ros2_ws/install/rover_navigation/share/rover_navigation/package.sh'
[3.579s] INFO:colcon.colcon_core.shell:Creating package script '/home/thasinduwickrama/Documents/PlatformIO/Projects/RoverMini/ros2_ws/install/rover_navigation/share/rover_navigation/package.bash'
[3.579s] INFO:colcon.colcon_core.shell:Creating package script '/home/thasinduwickrama/Documents/PlatformIO/Projects/RoverMini/ros2_ws/install/rover_navigation/share/rover_navigation/package.zsh'
[3.579s] Level 1:colcon.colcon_core.environment:create_file_with_runtime_dependencies(/home/thasinduwickrama/Documents/PlatformIO/Projects/RoverMini/ros2_ws/install/rover_navigation/share/colcon-core/packages/rover_navigation)
[3.580s] DEBUG:colcon.colcon_parallel_executor.executor.parallel:closing loop
[3.580s] DEBUG:colcon.colcon_parallel_executor.executor.parallel:loop closed
[3.580s] DEBUG:colcon.colcon_parallel_executor.executor.parallel:run_until_complete finished with '0'
[3.580s] DEBUG:colcon.colcon_core.event_reactor:joining thread
[3.585s] INFO:colcon.colcon_core.plugin_system:Skipping extension 'colcon_notification.desktop_notification.terminal_notifier': Not used on non-Darwin systems
[3.585s] INFO:colcon.colcon_core.plugin_system:Skipping extension 'colcon_notification.desktop_notification.win32': Not used on non-Windows systems
[3.585s] INFO:colcon.colcon_notification.desktop_notification:Sending desktop notification using 'notify2'
[3.611s] DEBUG:colcon.colcon_core.event_reactor:joined thread
[3.611s] INFO:colcon.colcon_core.shell:Creating prefix script '/home/thasinduwickrama/Documents/PlatformIO/Projects/RoverMini/ros2_ws/install/local_setup.ps1'
[3.613s] INFO:colcon.colcon_core.shell:Creating prefix util module '/home/thasinduwickrama/Documents/PlatformIO/Projects/RoverMini/ros2_ws/install/_local_setup_util_ps1.py'
[3.615s] INFO:colcon.colcon_core.shell:Creating prefix chain script '/home/thasinduwickrama/Documents/PlatformIO/Projects/RoverMini/ros2_ws/install/setup.ps1'
[3.618s] INFO:colcon.colcon_core.shell:Creating prefix script '/home/thasinduwickrama/Documents/PlatformIO/Projects/RoverMini/ros2_ws/install/local_setup.sh'
[3.619s] INFO:colcon.colcon_core.shell:Creating prefix util module '/home/thasinduwickrama/Documents/PlatformIO/Projects/RoverMini/ros2_ws/install/_local_setup_util_sh.py'
[3.621s] INFO:colcon.colcon_core.shell:Creating prefix chain script '/home/thasinduwickrama/Documents/PlatformIO/Projects/RoverMini/ros2_ws/install/setup.sh'
[3.623s] INFO:colcon.colcon_core.shell:Creating prefix script '/home/thasinduwickrama/Documents/PlatformIO/Projects/RoverMini/ros2_ws/install/local_setup.bash'
[3.624s] INFO:colcon.colcon_core.shell:Creating prefix chain script '/home/thasinduwickrama/Documents/PlatformIO/Projects/RoverMini/ros2_ws/install/setup.bash'
[3.626s] INFO:colcon.colcon_core.shell:Creating prefix script '/home/thasinduwickrama/Documents/PlatformIO/Projects/RoverMini/ros2_ws/install/local_setup.zsh'
[3.626s] INFO:colcon.colcon_core.shell:Creating prefix chain script '/home/thasinduwickrama/Documents/PlatformIO/Projects/RoverMini/ros2_ws/install/setup.zsh'
