[4.019s] Invoking command in '/home/thasinduwickrama/Documents/PlatformIO/Projects/RoverMini/ros2_ws/src/rover_control': PYTHONPATH=/home/thasinduwickrama/Documents/PlatformIO/Projects/RoverMini/ros2_ws/build/rover_control/prefix_override:/usr/lib/python3/dist-packages/colcon_core/task/python/colcon_distutils_commands:/home/thasinduwickrama/Documents/PlatformIO/Projects/RoverMini/ros2_ws/install/rover_control/lib/python3.10/site-packages:${PYTHONPATH} /usr/bin/python3 -W ignore:setup.py install is deprecated -W ignore:easy_install command is deprecated setup.py egg_info --egg-base ../../build/rover_control build --build-base /home/thasinduwickrama/Documents/PlatformIO/Projects/RoverMini/ros2_ws/build/rover_control/build install --record /home/thasinduwickrama/Documents/PlatformIO/Projects/RoverMini/ros2_ws/build/rover_control/install.log --single-version-externally-managed install_data
[4.836s] running egg_info
[4.841s] creating ../../build/rover_control/rover_control.egg-info
[4.843s] writing ../../build/rover_control/rover_control.egg-info/PKG-INFO
[4.843s] writing dependency_links to ../../build/rover_control/rover_control.egg-info/dependency_links.txt
[4.844s] writing entry points to ../../build/rover_control/rover_control.egg-info/entry_points.txt
[4.844s] writing requirements to ../../build/rover_control/rover_control.egg-info/requires.txt
[4.844s] writing top-level names to ../../build/rover_control/rover_control.egg-info/top_level.txt
[4.844s] writing manifest file '../../build/rover_control/rover_control.egg-info/SOURCES.txt'
[4.847s] reading manifest file '../../build/rover_control/rover_control.egg-info/SOURCES.txt'
[4.856s] writing manifest file '../../build/rover_control/rover_control.egg-info/SOURCES.txt'
[4.856s] running build
[4.856s] running build_py
[4.857s] creating /home/thasinduwickrama/Documents/PlatformIO/Projects/RoverMini/ros2_ws/build/rover_control/build
[4.857s] creating /home/thasinduwickrama/Documents/PlatformIO/Projects/RoverMini/ros2_ws/build/rover_control/build/lib
[4.857s] creating /home/thasinduwickrama/Documents/PlatformIO/Projects/RoverMini/ros2_ws/build/rover_control/build/lib/rover_control
[4.857s] copying rover_control/serial_bridge.py -> /home/thasinduwickrama/Documents/PlatformIO/Projects/RoverMini/ros2_ws/build/rover_control/build/lib/rover_control
[4.857s] copying rover_control/__init__.py -> /home/thasinduwickrama/Documents/PlatformIO/Projects/RoverMini/ros2_ws/build/rover_control/build/lib/rover_control
[4.857s] running install
[4.858s] running install_lib
[4.860s] creating /home/thasinduwickrama/Documents/PlatformIO/Projects/RoverMini/ros2_ws/install/rover_control/lib/python3.10/site-packages/rover_control
[4.860s] copying /home/thasinduwickrama/Documents/PlatformIO/Projects/RoverMini/ros2_ws/build/rover_control/build/lib/rover_control/serial_bridge.py -> /home/thasinduwickrama/Documents/PlatformIO/Projects/RoverMini/ros2_ws/install/rover_control/lib/python3.10/site-packages/rover_control
[4.860s] copying /home/thasinduwickrama/Documents/PlatformIO/Projects/RoverMini/ros2_ws/build/rover_control/build/lib/rover_control/__init__.py -> /home/thasinduwickrama/Documents/PlatformIO/Projects/RoverMini/ros2_ws/install/rover_control/lib/python3.10/site-packages/rover_control
[4.863s] byte-compiling /home/thasinduwickrama/Documents/PlatformIO/Projects/RoverMini/ros2_ws/install/rover_control/lib/python3.10/site-packages/rover_control/serial_bridge.py to serial_bridge.cpython-310.pyc
[4.865s] byte-compiling /home/thasinduwickrama/Documents/PlatformIO/Projects/RoverMini/ros2_ws/install/rover_control/lib/python3.10/site-packages/rover_control/__init__.py to __init__.cpython-310.pyc
[4.870s] running install_data
[4.870s] creating /home/thasinduwickrama/Documents/PlatformIO/Projects/RoverMini/ros2_ws/install/rover_control/share/ament_index
[4.871s] creating /home/thasinduwickrama/Documents/PlatformIO/Projects/RoverMini/ros2_ws/install/rover_control/share/ament_index/resource_index
[4.871s] creating /home/thasinduwickrama/Documents/PlatformIO/Projects/RoverMini/ros2_ws/install/rover_control/share/ament_index/resource_index/packages
[4.872s] copying resource/rover_control -> /home/thasinduwickrama/Documents/PlatformIO/Projects/RoverMini/ros2_ws/install/rover_control/share/ament_index/resource_index/packages
[4.876s] copying package.xml -> /home/thasinduwickrama/Documents/PlatformIO/Projects/RoverMini/ros2_ws/install/rover_control/share/rover_control
[4.877s] running install_egg_info
[4.878s] Copying ../../build/rover_control/rover_control.egg-info to /home/thasinduwickrama/Documents/PlatformIO/Projects/RoverMini/ros2_ws/install/rover_control/lib/python3.10/site-packages/rover_control-0.0.0-py3.10.egg-info
[4.878s] running install_scripts
[4.948s] Installing serial_bridge script to /home/thasinduwickrama/Documents/PlatformIO/Projects/RoverMini/ros2_ws/install/rover_control/lib/rover_control
[4.951s] writing list of installed files to '/home/thasinduwickrama/Documents/PlatformIO/Projects/RoverMini/ros2_ws/build/rover_control/install.log'
[5.270s] Invoked command in '/home/thasinduwickrama/Documents/PlatformIO/Projects/RoverMini/ros2_ws/src/rover_control' returned '0': PYTHONPATH=/home/thasinduwickrama/Documents/PlatformIO/Projects/RoverMini/ros2_ws/build/rover_control/prefix_override:/usr/lib/python3/dist-packages/colcon_core/task/python/colcon_distutils_commands:/home/thasinduwickrama/Documents/PlatformIO/Projects/RoverMini/ros2_ws/install/rover_control/lib/python3.10/site-packages:${PYTHONPATH} /usr/bin/python3 -W ignore:setup.py install is deprecated -W ignore:easy_install command is deprecated setup.py egg_info --egg-base ../../build/rover_control build --build-base /home/thasinduwickrama/Documents/PlatformIO/Projects/RoverMini/ros2_ws/build/rover_control/build install --record /home/thasinduwickrama/Documents/PlatformIO/Projects/RoverMini/ros2_ws/build/rover_control/install.log --single-version-externally-managed install_data
