[0.722s] Invoking command in '/home/thasinduwickrama/Documents/PlatformIO/Projects/RoverMini/ros2_ws/src/rover_navigation': AMENT_PREFIX_PATH=/home/thasinduwickrama/Documents/PlatformIO/Projects/RoverMini/ros2_ws/install/rover_description:/home/thasinduwickrama/Documents/PlatformIO/Projects/RoverMini/ros2_ws/install/rover_control:${AMENT_PREFIX_PATH} CMAKE_PREFIX_PATH=/home/thasinduwickrama/Documents/PlatformIO/Projects/RoverMini/ros2_ws/install/rover_description PYTHONPATH=/home/thasinduwickrama/Documents/PlatformIO/Projects/RoverMini/ros2_ws/build/rover_navigation/prefix_override:/usr/lib/python3/dist-packages/colcon_core/task/python/colcon_distutils_commands:/home/thasinduwickrama/Documents/PlatformIO/Projects/RoverMini/ros2_ws/install/rover_navigation/lib/python3.10/site-packages:/home/thasinduwickrama/Documents/PlatformIO/Projects/RoverMini/ros2_ws/install/rover_control/lib/python3.10/site-packages:${PYTHONPATH} /usr/bin/python3 -W ignore:setup.py install is deprecated -W ignore:easy_install command is deprecated setup.py egg_info --egg-base ../../build/rover_navigation build --build-base /home/thasinduwickrama/Documents/PlatformIO/Projects/RoverMini/ros2_ws/build/rover_navigation/build install --record /home/thasinduwickrama/Documents/PlatformIO/Projects/RoverMini/ros2_ws/build/rover_navigation/install.log --single-version-externally-managed install_data
[0.997s] running egg_info
[0.998s] writing ../../build/rover_navigation/rover_navigation.egg-info/PKG-INFO
[0.999s] writing dependency_links to ../../build/rover_navigation/rover_navigation.egg-info/dependency_links.txt
[0.999s] writing entry points to ../../build/rover_navigation/rover_navigation.egg-info/entry_points.txt
[0.999s] writing requirements to ../../build/rover_navigation/rover_navigation.egg-info/requires.txt
[0.999s] writing top-level names to ../../build/rover_navigation/rover_navigation.egg-info/top_level.txt
[1.003s] reading manifest file '../../build/rover_navigation/rover_navigation.egg-info/SOURCES.txt'
[1.004s] writing manifest file '../../build/rover_navigation/rover_navigation.egg-info/SOURCES.txt'
[1.004s] running build
[1.004s] running build_py
[1.005s] running install
[1.005s] running install_lib
[1.009s] running install_data
[1.009s] copying launch/teleop.launch.py -> /home/thasinduwickrama/Documents/PlatformIO/Projects/RoverMini/ros2_ws/install/rover_navigation/share/rover_navigation/launch
[1.010s] running install_egg_info
[1.014s] removing '/home/thasinduwickrama/Documents/PlatformIO/Projects/RoverMini/ros2_ws/install/rover_navigation/lib/python3.10/site-packages/rover_navigation-0.0.0-py3.10.egg-info' (and everything under it)
[1.014s] Copying ../../build/rover_navigation/rover_navigation.egg-info to /home/thasinduwickrama/Documents/PlatformIO/Projects/RoverMini/ros2_ws/install/rover_navigation/lib/python3.10/site-packages/rover_navigation-0.0.0-py3.10.egg-info
[1.015s] running install_scripts
[1.042s] writing list of installed files to '/home/thasinduwickrama/Documents/PlatformIO/Projects/RoverMini/ros2_ws/build/rover_navigation/install.log'
[1.075s] Invoked command in '/home/thasinduwickrama/Documents/PlatformIO/Projects/RoverMini/ros2_ws/src/rover_navigation' returned '0': AMENT_PREFIX_PATH=/home/thasinduwickrama/Documents/PlatformIO/Projects/RoverMini/ros2_ws/install/rover_description:/home/thasinduwickrama/Documents/PlatformIO/Projects/RoverMini/ros2_ws/install/rover_control:${AMENT_PREFIX_PATH} CMAKE_PREFIX_PATH=/home/thasinduwickrama/Documents/PlatformIO/Projects/RoverMini/ros2_ws/install/rover_description PYTHONPATH=/home/thasinduwickrama/Documents/PlatformIO/Projects/RoverMini/ros2_ws/build/rover_navigation/prefix_override:/usr/lib/python3/dist-packages/colcon_core/task/python/colcon_distutils_commands:/home/thasinduwickrama/Documents/PlatformIO/Projects/RoverMini/ros2_ws/install/rover_navigation/lib/python3.10/site-packages:/home/thasinduwickrama/Documents/PlatformIO/Projects/RoverMini/ros2_ws/install/rover_control/lib/python3.10/site-packages:${PYTHONPATH} /usr/bin/python3 -W ignore:setup.py install is deprecated -W ignore:easy_install command is deprecated setup.py egg_info --egg-base ../../build/rover_navigation build --build-base /home/thasinduwickrama/Documents/PlatformIO/Projects/RoverMini/ros2_ws/build/rover_navigation/build install --record /home/thasinduwickrama/Documents/PlatformIO/Projects/RoverMini/ros2_ws/build/rover_navigation/install.log --single-version-externally-managed install_data
