/home/thasinduwickrama/Documents/PlatformIO/Projects/RoverMini/ros2_ws/install/rover_control/lib/python3.10/site-packages/rover_control/motor_test_node.py
/home/thasinduwickrama/Documents/PlatformIO/Projects/RoverMini/ros2_ws/install/rover_control/lib/python3.10/site-packages/rover_control/teleop_keyboard.py
/home/thasinduwickrama/Documents/PlatformIO/Projects/RoverMini/ros2_ws/install/rover_control/lib/python3.10/site-packages/rover_control/serial_bridge.py
/home/thasinduwickrama/Documents/PlatformIO/Projects/RoverMini/ros2_ws/install/rover_control/lib/python3.10/site-packages/rover_control/__init__.py
/home/thasinduwickrama/Documents/PlatformIO/Projects/RoverMini/ros2_ws/install/rover_control/lib/python3.10/site-packages/rover_control/__pycache__/motor_test_node.cpython-310.pyc
/home/thasinduwickrama/Documents/PlatformIO/Projects/RoverMini/ros2_ws/install/rover_control/lib/python3.10/site-packages/rover_control/__pycache__/teleop_keyboard.cpython-310.pyc
/home/thasinduwickrama/Documents/PlatformIO/Projects/RoverMini/ros2_ws/install/rover_control/lib/python3.10/site-packages/rover_control/__pycache__/serial_bridge.cpython-310.pyc
/home/thasinduwickrama/Documents/PlatformIO/Projects/RoverMini/ros2_ws/install/rover_control/lib/python3.10/site-packages/rover_control/__pycache__/__init__.cpython-310.pyc
/home/thasinduwickrama/Documents/PlatformIO/Projects/RoverMini/ros2_ws/install/rover_control/share/ament_index/resource_index/packages/rover_control
/home/thasinduwickrama/Documents/PlatformIO/Projects/RoverMini/ros2_ws/install/rover_control/share/rover_control/package.xml
/home/thasinduwickrama/Documents/PlatformIO/Projects/RoverMini/ros2_ws/install/rover_control/lib/python3.10/site-packages/rover_control-0.0.0-py3.10.egg-info/requires.txt
/home/thasinduwickrama/Documents/PlatformIO/Projects/RoverMini/ros2_ws/install/rover_control/lib/python3.10/site-packages/rover_control-0.0.0-py3.10.egg-info/top_level.txt
/home/thasinduwickrama/Documents/PlatformIO/Projects/RoverMini/ros2_ws/install/rover_control/lib/python3.10/site-packages/rover_control-0.0.0-py3.10.egg-info/SOURCES.txt
/home/thasinduwickrama/Documents/PlatformIO/Projects/RoverMini/ros2_ws/install/rover_control/lib/python3.10/site-packages/rover_control-0.0.0-py3.10.egg-info/dependency_links.txt
/home/thasinduwickrama/Documents/PlatformIO/Projects/RoverMini/ros2_ws/install/rover_control/lib/python3.10/site-packages/rover_control-0.0.0-py3.10.egg-info/zip-safe
/home/thasinduwickrama/Documents/PlatformIO/Projects/RoverMini/ros2_ws/install/rover_control/lib/python3.10/site-packages/rover_control-0.0.0-py3.10.egg-info/PKG-INFO
/home/thasinduwickrama/Documents/PlatformIO/Projects/RoverMini/ros2_ws/install/rover_control/lib/python3.10/site-packages/rover_control-0.0.0-py3.10.egg-info/entry_points.txt
/home/thasinduwickrama/Documents/PlatformIO/Projects/RoverMini/ros2_ws/install/rover_control/lib/rover_control/motor_test_node
/home/thasinduwickrama/Documents/PlatformIO/Projects/RoverMini/ros2_ws/install/rover_control/lib/rover_control/serial_bridge
/home/thasinduwickrama/Documents/PlatformIO/Projects/RoverMini/ros2_ws/install/rover_control/lib/rover_control/teleop_keyboard
