[0.489s] Invoking command in '/home/thasinduwickrama/Documents/PlatformIO/Projects/RoverMini/ros2_ws/build/rover_description': CMAKE_PREFIX_PATH=/home/thasinduwickrama/ros2_ws/install/servo_control:/opt/ros/humble /usr/bin/cmake --build /home/thasinduwickrama/Documents/PlatformIO/Projects/RoverMini/ros2_ws/build/rover_description -- -j12 -l12
[0.553s] Invoked command in '/home/thasinduwickrama/Documents/PlatformIO/Projects/RoverMini/ros2_ws/build/rover_description' returned '0': CMAKE_PREFIX_PATH=/home/thasinduwickrama/ros2_ws/install/servo_control:/opt/ros/humble /usr/bin/cmake --build /home/thasinduwickrama/Documents/PlatformIO/Projects/RoverMini/ros2_ws/build/rover_description -- -j12 -l12
[0.575s] Invoking command in '/home/thasinduwickrama/Documents/PlatformIO/Projects/RoverMini/ros2_ws/build/rover_description': CMAKE_PREFIX_PATH=/home/thasinduwickrama/ros2_ws/install/servo_control:/opt/ros/humble /usr/bin/cmake --install /home/thasinduwickrama/Documents/PlatformIO/Projects/RoverMini/ros2_ws/build/rover_description
[0.584s] -- Install configuration: ""
[0.585s] -- Up-to-date: /home/thasinduwickrama/Documents/PlatformIO/Projects/RoverMini/ros2_ws/install/rover_description/share/rover_description/urdf
[0.585s] -- Up-to-date: /home/thasinduwickrama/Documents/PlatformIO/Projects/RoverMini/ros2_ws/install/rover_description/share/rover_description/urdf/rover.urdf
[0.585s] -- Up-to-date: /home/thasinduwickrama/Documents/PlatformIO/Projects/RoverMini/ros2_ws/install/rover_description/share/ament_index/resource_index/package_run_dependencies/rover_description
[0.585s] -- Up-to-date: /home/thasinduwickrama/Documents/PlatformIO/Projects/RoverMini/ros2_ws/install/rover_description/share/ament_index/resource_index/parent_prefix_path/rover_description
[0.585s] -- Up-to-date: /home/thasinduwickrama/Documents/PlatformIO/Projects/RoverMini/ros2_ws/install/rover_description/share/rover_description/environment/ament_prefix_path.sh
[0.585s] -- Up-to-date: /home/thasinduwickrama/Documents/PlatformIO/Projects/RoverMini/ros2_ws/install/rover_description/share/rover_description/environment/ament_prefix_path.dsv
[0.586s] -- Up-to-date: /home/thasinduwickrama/Documents/PlatformIO/Projects/RoverMini/ros2_ws/install/rover_description/share/rover_description/environment/path.sh
[0.586s] -- Up-to-date: /home/thasinduwickrama/Documents/PlatformIO/Projects/RoverMini/ros2_ws/install/rover_description/share/rover_description/environment/path.dsv
[0.586s] -- Up-to-date: /home/thasinduwickrama/Documents/PlatformIO/Projects/RoverMini/ros2_ws/install/rover_description/share/rover_description/local_setup.bash
[0.586s] -- Up-to-date: /home/thasinduwickrama/Documents/PlatformIO/Projects/RoverMini/ros2_ws/install/rover_description/share/rover_description/local_setup.sh
[0.586s] -- Up-to-date: /home/thasinduwickrama/Documents/PlatformIO/Projects/RoverMini/ros2_ws/install/rover_description/share/rover_description/local_setup.zsh
[0.586s] -- Up-to-date: /home/thasinduwickrama/Documents/PlatformIO/Projects/RoverMini/ros2_ws/install/rover_description/share/rover_description/local_setup.dsv
[0.586s] -- Installing: /home/thasinduwickrama/Documents/PlatformIO/Projects/RoverMini/ros2_ws/install/rover_description/share/rover_description/package.dsv
[0.586s] -- Up-to-date: /home/thasinduwickrama/Documents/PlatformIO/Projects/RoverMini/ros2_ws/install/rover_description/share/ament_index/resource_index/packages/rover_description
[0.586s] -- Up-to-date: /home/thasinduwickrama/Documents/PlatformIO/Projects/RoverMini/ros2_ws/install/rover_description/share/rover_description/cmake/rover_descriptionConfig.cmake
[0.586s] -- Up-to-date: /home/thasinduwickrama/Documents/PlatformIO/Projects/RoverMini/ros2_ws/install/rover_description/share/rover_description/cmake/rover_descriptionConfig-version.cmake
[0.587s] -- Up-to-date: /home/thasinduwickrama/Documents/PlatformIO/Projects/RoverMini/ros2_ws/install/rover_description/share/rover_description/package.xml
[0.590s] Invoked command in '/home/thasinduwickrama/Documents/PlatformIO/Projects/RoverMini/ros2_ws/build/rover_description' returned '0': CMAKE_PREFIX_PATH=/home/thasinduwickrama/ros2_ws/install/servo_control:/opt/ros/humble /usr/bin/cmake --install /home/thasinduwickrama/Documents/PlatformIO/Projects/RoverMini/ros2_ws/build/rover_description
