running egg_info
creating ../../build/rover_navigation/rover_navigation.egg-info
writing ../../build/rover_navigation/rover_navigation.egg-info/PKG-INFO
writing dependency_links to ../../build/rover_navigation/rover_navigation.egg-info/dependency_links.txt
writing entry points to ../../build/rover_navigation/rover_navigation.egg-info/entry_points.txt
writing requirements to ../../build/rover_navigation/rover_navigation.egg-info/requires.txt
writing top-level names to ../../build/rover_navigation/rover_navigation.egg-info/top_level.txt
writing manifest file '../../build/rover_navigation/rover_navigation.egg-info/SOURCES.txt'
reading manifest file '../../build/rover_navigation/rover_navigation.egg-info/SOURCES.txt'
writing manifest file '../../build/rover_navigation/rover_navigation.egg-info/SOURCES.txt'
running build
running build_py
creating /home/thasinduwickrama/Documents/PlatformIO/Projects/RoverMini/ros2_ws/build/rover_navigation/build
creating /home/thasinduwickrama/Documents/PlatformIO/Projects/RoverMini/ros2_ws/build/rover_navigation/build/lib
creating /home/thasinduwickrama/Documents/PlatformIO/Projects/RoverMini/ros2_ws/build/rover_navigation/build/lib/rover_navigation
copying rover_navigation/__init__.py -> /home/thasinduwickrama/Documents/PlatformIO/Projects/RoverMini/ros2_ws/build/rover_navigation/build/lib/rover_navigation
running install
running install_lib
creating /home/thasinduwickrama/Documents/PlatformIO/Projects/RoverMini/ros2_ws/install/rover_navigation/lib/python3.10/site-packages/rover_navigation
copying /home/thasinduwickrama/Documents/PlatformIO/Projects/RoverMini/ros2_ws/build/rover_navigation/build/lib/rover_navigation/__init__.py -> /home/thasinduwickrama/Documents/PlatformIO/Projects/RoverMini/ros2_ws/install/rover_navigation/lib/python3.10/site-packages/rover_navigation
byte-compiling /home/thasinduwickrama/Documents/PlatformIO/Projects/RoverMini/ros2_ws/install/rover_navigation/lib/python3.10/site-packages/rover_navigation/__init__.py to __init__.cpython-310.pyc
running install_data
creating /home/thasinduwickrama/Documents/PlatformIO/Projects/RoverMini/ros2_ws/install/rover_navigation/share/ament_index
creating /home/thasinduwickrama/Documents/PlatformIO/Projects/RoverMini/ros2_ws/install/rover_navigation/share/ament_index/resource_index
creating /home/thasinduwickrama/Documents/PlatformIO/Projects/RoverMini/ros2_ws/install/rover_navigation/share/ament_index/resource_index/packages
copying resource/rover_navigation -> /home/thasinduwickrama/Documents/PlatformIO/Projects/RoverMini/ros2_ws/install/rover_navigation/share/ament_index/resource_index/packages
copying package.xml -> /home/thasinduwickrama/Documents/PlatformIO/Projects/RoverMini/ros2_ws/install/rover_navigation/share/rover_navigation
running install_egg_info
Copying ../../build/rover_navigation/rover_navigation.egg-info to /home/thasinduwickrama/Documents/PlatformIO/Projects/RoverMini/ros2_ws/install/rover_navigation/lib/python3.10/site-packages/rover_navigation-0.0.0-py3.10.egg-info
running install_scripts
writing list of installed files to '/home/thasinduwickrama/Documents/PlatformIO/Projects/RoverMini/ros2_ws/build/rover_navigation/install.log'
