[1.163s] Invoking command in '/home/thasinduwickrama/Documents/PlatformIO/Projects/RoverMini/ros2_ws/src/rover_control': PYTHONPATH=/home/thasinduwickrama/Documents/PlatformIO/Projects/RoverMini/ros2_ws/build/rover_control/prefix_override:/usr/lib/python3/dist-packages/colcon_core/task/python/colcon_distutils_commands:/home/thasinduwickrama/Documents/PlatformIO/Projects/RoverMini/ros2_ws/install/rover_control/lib/python3.10/site-packages:${PYTHONPATH} /usr/bin/python3 -W ignore:setup.py install is deprecated -W ignore:easy_install command is deprecated setup.py egg_info --egg-base ../../build/rover_control build --build-base /home/thasinduwickrama/Documents/PlatformIO/Projects/RoverMini/ros2_ws/build/rover_control/build install --record /home/thasinduwickrama/Documents/PlatformIO/Projects/RoverMini/ros2_ws/build/rover_control/install.log --single-version-externally-managed install_data
[1.450s] running egg_info
[1.451s] writing ../../build/rover_control/rover_control.egg-info/PKG-INFO
[1.451s] writing dependency_links to ../../build/rover_control/rover_control.egg-info/dependency_links.txt
[1.451s] writing entry points to ../../build/rover_control/rover_control.egg-info/entry_points.txt
[1.451s] writing requirements to ../../build/rover_control/rover_control.egg-info/requires.txt
[1.451s] writing top-level names to ../../build/rover_control/rover_control.egg-info/top_level.txt
[1.453s] reading manifest file '../../build/rover_control/rover_control.egg-info/SOURCES.txt'
[1.455s] writing manifest file '../../build/rover_control/rover_control.egg-info/SOURCES.txt'
[1.456s] running build
[1.456s] running build_py
[1.456s] running install
[1.456s] running install_lib
[1.458s] running install_data
[1.458s] running install_egg_info
[1.459s] removing '/home/thasinduwickrama/Documents/PlatformIO/Projects/RoverMini/ros2_ws/install/rover_control/lib/python3.10/site-packages/rover_control-0.0.0-py3.10.egg-info' (and everything under it)
[1.460s] Copying ../../build/rover_control/rover_control.egg-info to /home/thasinduwickrama/Documents/PlatformIO/Projects/RoverMini/ros2_ws/install/rover_control/lib/python3.10/site-packages/rover_control-0.0.0-py3.10.egg-info
[1.460s] running install_scripts
[1.481s] Installing motor_test_node script to /home/thasinduwickrama/Documents/PlatformIO/Projects/RoverMini/ros2_ws/install/rover_control/lib/rover_control
[1.482s] Installing serial_bridge script to /home/thasinduwickrama/Documents/PlatformIO/Projects/RoverMini/ros2_ws/install/rover_control/lib/rover_control
[1.482s] Installing teleop_keyboard script to /home/thasinduwickrama/Documents/PlatformIO/Projects/RoverMini/ros2_ws/install/rover_control/lib/rover_control
[1.483s] writing list of installed files to '/home/thasinduwickrama/Documents/PlatformIO/Projects/RoverMini/ros2_ws/build/rover_control/install.log'
[1.514s] Invoked command in '/home/thasinduwickrama/Documents/PlatformIO/Projects/RoverMini/ros2_ws/src/rover_control' returned '0': PYTHONPATH=/home/thasinduwickrama/Documents/PlatformIO/Projects/RoverMini/ros2_ws/build/rover_control/prefix_override:/usr/lib/python3/dist-packages/colcon_core/task/python/colcon_distutils_commands:/home/thasinduwickrama/Documents/PlatformIO/Projects/RoverMini/ros2_ws/install/rover_control/lib/python3.10/site-packages:${PYTHONPATH} /usr/bin/python3 -W ignore:setup.py install is deprecated -W ignore:easy_install command is deprecated setup.py egg_info --egg-base ../../build/rover_control build --build-base /home/thasinduwickrama/Documents/PlatformIO/Projects/RoverMini/ros2_ws/build/rover_control/build install --record /home/thasinduwickrama/Documents/PlatformIO/Projects/RoverMini/ros2_ws/build/rover_control/install.log --single-version-externally-managed install_data
